// Jest Snapshot v1, https://goo.gl/fbAQLP

exports[`App renders (example test) 1`] = `<div />`;
